// Vitest Snapshot v1, https://vitest.dev/guide/snapshot.html

exports[`process > should add showLineNumbers 1`] = `
"<!doctype html><html lang="es"><head><meta charset="UTF-8"><meta name="viewport" content="width=device-width, initial-scale=1"><title>Markdown Referenz - Hyperbook Dokumenation</title><meta property="og:title" content="Markdown Referenz - Hyperbook Dokumenation"><meta property="description" content="Dokumentation f√ºr Hyperbook erstellt mit Hyperbook"><meta property="og:description" content="Dokumentation f√ºr Hyperbook erstellt mit Hyperbook"><meta property="keywords"><link rel="stylesheet" href="assets/normalize.css"><style>
html,
body {
  overflow-x: hidden;
  margin: 0;
}

body {
  -ms-overflow-style: none; /* IE and Edge */
  scrollbar-width: none; /* Firefox */
}

body::-webkit-scrollbar {
  display: none;
}

:root {
  --color-brand: #007864;
  --color-brand-dark: #b5e3d8;
  --color-brand-text: white;
}
:root {
  --color-background: white;
  --color-text: black;
  --color-text-deactivated: #242428;
  --color-nav: #f5f5f5;
  --color-nav-border: #3c3c3c;
  --color-author-background: #d6d6d6;
  --color-author-color: #3c3c3c;
  --color-spacer: #a4a4a4;
}

@media (prefers-color-scheme: dark) {
  :root {
    --color-background: #1e1e1e;
    --color-text: #f5f5f5;
    --color-text-deactivated: #d6d6d6;
    --color-nav: #222222;
    --color-nav-border: #464646;
    --color-author-background: #2c2c2c;
    --color-author-color: #d6d6d6;
    --color-spacer: #3c3c3c;
    --color-brand: var(--color-brand-dark);
  }

  header {
    background: var(--color-nav)!important;
  }

  .branding {
    color: var(--color-brand)!important;
  }

  .toggle .bar1,
  .toggle .bar2,
  .toggle .bar3 {
    background-color: var(--color-brand)!important;
  }
}

body {
  overscroll-behavior-x: none;
  background-color: transparent;
  color: var(--color-text);
  font-family: hyperbook-body;
  font-weight: normal;
  font-size: 16px;
  margin: 0;
  padding: 0;
}

</style><link rel="stylesheet" href="assets/shell.css"><link rel="stylesheet" href="assets/content.css"><link rel="stylesheet" href="assets/code.css"><script>
HYPERBOOK_ASSETS = "assets/"
</script><script type="module" src="assets/side-drawer.js"></script></head><body><div class="main-grid"><header><div class="mobile-nav"><button aria-label="Nav Toggle" class="toggle" onclick="hyperbook.navToggle()"><div class="bar1"></div><div class="bar2"></div><div class="bar3"></div></button><side-drawer id="nav-drawer"><div class="nav-drawer-content"><nav><ul><li><a class="page" href="/">Los Gehts</a></li></ul><div class="section"><div class="collapsible name empty "><span class="label">Konfiguration</span></div><div class="collapsible-content links"><ul class="pages"><li><a class="page" href="/configuration/book">Buch Konfiguration</a></li><li><a class="page" href="/configuration/page">Seiten Konfiguration</a></li><li><a class="page" href="/configuration/section">Bereich Konfiguration</a></li><li><a class="page" href="/configuration/library">Bibliothek Konfiguration</a></li></ul></div></div><div class="section"><div class="collapsible name empty active"><span class="label">Markdown Referenz</span></div><div class="collapsible-content links"><ul class="pages"><li><a class="page" href="/markdown/image">Bild</a></li><li><a class="page" href="/markdown/emphasis">Hervorhebung</a></li><li><a class="page" href="/markdown/hr">Horizontale Linie</a></li><li><a class="page" href="/markdown/comment">Kommentar</a></li><li><a class="page" href="/markdown/link">Link</a></li><li><a class="page" href="/markdown/list">Liste</a></li><li><a class="page" href="/markdown/code">Quelltext</a></li><li><a class="page" href="/markdown/table">Tabelle</a></li><li><a class="page" href="/markdown/line-break">Zeilenumbruch</a></li><li><a class="page" href="/markdown/quote">Zitat</a></li><li><a class="page" href="/markdown/header">√úberschriften</a></li></ul></div></div><div class="section"><div class="collapsible name empty "><span class="label">Elemente</span></div><div class="collapsible-content links"><ul class="pages"><li><a class="page" href="/elements/archive">Archiv</a></li><li><a class="page" href="/elements/audio">Audio</a></li><li><a class="page" href="/elements/bitflow">Bitflow</a></li><li><a class="page" href="/elements/download">Download</a></li><li><a class="page" href="/elements/embed">Embed</a></li><li><a class="page" href="/elements/emoji">Emoji</a></li><li><a class="page" href="/elements/excalidraw">Excalidraw</a></li><li><a class="page" href="/elements/protect">Gesch√ºtzer Bereich</a></li><li><a class="page" href="/elements/glossary">Glossar</a></li><li><a class="page" href="/elements/alert">Hinweise</a></li><li><a class="page" href="/elements/tiles">Kacheln</a></li><li><a class="page" href="/elements/collapsible">Klappkasten</a></li><li><a class="page" href="/elements/bookmarks">Lesezeichen</a></li><li><a class="page" href="/elements/math">Mathmathik</a></li><li><a class="page" href="/elements/mermaid">Mermaid</a></li><li><a class="page" href="/elements/online-ide">Online IDE</a></li><li><a class="page" href="/elements/plantuml">PlantUML</a></li><li><a class="page" href="/elements/qr">QR Code</a></li><li><a class="page" href="/elements/tabs">Reiter</a></li><li><a class="page" href="/elements/sql-ide">SQL IDE</a></li><li><a class="page" href="/elements/scratchblock">Scratchbl√∂cke</a></li><li><a class="page" href="/elements/slideshow">Slideshow</a></li><li><a class="page" href="/elements/snippets">Snippets</a></li><li><a class="page" href="/elements/struktog">Struktog</a></li><li><a class="page" href="/elements/video">Video</a></li><li><a class="page" href="/elements/youtube">YouTube</a></li></ul></div></div><div class="section"><div class="collapsible name empty "><span class="label">Fortgeschrittene Features</span></div><div class="collapsible-content links"><ul class="pages"><li><a class="page" href="/advanced/single-use-templates">Einweg Vorlagen</a></li><li><a class="page" href="/advanced/templates">Vorlagen</a></li></ul></div></div><div class="section"><div class="collapsible name empty "><span class="label">Hosting</span></div><div class="collapsible-content links"><ul class="pages"><li><a class="page" href="/hosting/edugitpages">EduGit Pages</a></li><li><a class="page" href="/hosting/custom">Eigene L√∂sung</a></li><li><a class="page" href="/hosting/ghpages">GitHub Pages</a></li><li><a class="page" href="/hosting/glpages">GitLab Pages</a></li><li><a class="page" href="/hosting/vercel">Vercel</a></li></ul></div></div></nav><a class="author" href="https://hyperbook.openpatch.org">Powered by <b>Hyperbook</b></a></div></side-drawer></div><a class="branding" href="/"><div class="name">Hyperbook Dokumenation</div></a><nav id="custom-links-menu"><ul class="links-menu"><li class="links-item sub"><a href="#"><div class="icon">üê¶</div><div class="label">Kontakt</div></a><ul class="links-sub-menu"><li class="links-item"><a href="mailto:contact@openpatch.org"><div class="label">Mail</div></a></li><li class="links-item"><a href="https://twitter.com/openpatchorg"><div class="icon">üê¶</div><div class="label">Twitter</div></a></li><li class="links-item"><a href="https://fosstodon.org/@openpatch"><div class="icon">üêò</div><div class="label">Mastodon</div></a></li><li class="links-item"><a href="https://matrix.to/#/#hyperbook:matrix.org"><div class="icon">üë®‚Äçüíª</div><div class="label">Matrix (Chat)</div></a></li></ul></li></ul></nav></header><div class="sidebar"><nav><ul><li><a class="page" href="/">Los Gehts</a></li></ul><div class="section"><div class="collapsible name empty "><span class="label">Konfiguration</span></div><div class="collapsible-content links"><ul class="pages"><li><a class="page" href="/configuration/book">Buch Konfiguration</a></li><li><a class="page" href="/configuration/page">Seiten Konfiguration</a></li><li><a class="page" href="/configuration/section">Bereich Konfiguration</a></li><li><a class="page" href="/configuration/library">Bibliothek Konfiguration</a></li></ul></div></div><div class="section"><div class="collapsible name empty active"><span class="label">Markdown Referenz</span></div><div class="collapsible-content links"><ul class="pages"><li><a class="page" href="/markdown/image">Bild</a></li><li><a class="page" href="/markdown/emphasis">Hervorhebung</a></li><li><a class="page" href="/markdown/hr">Horizontale Linie</a></li><li><a class="page" href="/markdown/comment">Kommentar</a></li><li><a class="page" href="/markdown/link">Link</a></li><li><a class="page" href="/markdown/list">Liste</a></li><li><a class="page" href="/markdown/code">Quelltext</a></li><li><a class="page" href="/markdown/table">Tabelle</a></li><li><a class="page" href="/markdown/line-break">Zeilenumbruch</a></li><li><a class="page" href="/markdown/quote">Zitat</a></li><li><a class="page" href="/markdown/header">√úberschriften</a></li></ul></div></div><div class="section"><div class="collapsible name empty "><span class="label">Elemente</span></div><div class="collapsible-content links"><ul class="pages"><li><a class="page" href="/elements/archive">Archiv</a></li><li><a class="page" href="/elements/audio">Audio</a></li><li><a class="page" href="/elements/bitflow">Bitflow</a></li><li><a class="page" href="/elements/download">Download</a></li><li><a class="page" href="/elements/embed">Embed</a></li><li><a class="page" href="/elements/emoji">Emoji</a></li><li><a class="page" href="/elements/excalidraw">Excalidraw</a></li><li><a class="page" href="/elements/protect">Gesch√ºtzer Bereich</a></li><li><a class="page" href="/elements/glossary">Glossar</a></li><li><a class="page" href="/elements/alert">Hinweise</a></li><li><a class="page" href="/elements/tiles">Kacheln</a></li><li><a class="page" href="/elements/collapsible">Klappkasten</a></li><li><a class="page" href="/elements/bookmarks">Lesezeichen</a></li><li><a class="page" href="/elements/math">Mathmathik</a></li><li><a class="page" href="/elements/mermaid">Mermaid</a></li><li><a class="page" href="/elements/online-ide">Online IDE</a></li><li><a class="page" href="/elements/plantuml">PlantUML</a></li><li><a class="page" href="/elements/qr">QR Code</a></li><li><a class="page" href="/elements/tabs">Reiter</a></li><li><a class="page" href="/elements/sql-ide">SQL IDE</a></li><li><a class="page" href="/elements/scratchblock">Scratchbl√∂cke</a></li><li><a class="page" href="/elements/slideshow">Slideshow</a></li><li><a class="page" href="/elements/snippets">Snippets</a></li><li><a class="page" href="/elements/struktog">Struktog</a></li><li><a class="page" href="/elements/video">Video</a></li><li><a class="page" href="/elements/youtube">YouTube</a></li></ul></div></div><div class="section"><div class="collapsible name empty "><span class="label">Fortgeschrittene Features</span></div><div class="collapsible-content links"><ul class="pages"><li><a class="page" href="/advanced/single-use-templates">Einweg Vorlagen</a></li><li><a class="page" href="/advanced/templates">Vorlagen</a></li></ul></div></div><div class="section"><div class="collapsible name empty "><span class="label">Hosting</span></div><div class="collapsible-content links"><ul class="pages"><li><a class="page" href="/hosting/edugitpages">EduGit Pages</a></li><li><a class="page" href="/hosting/custom">Eigene L√∂sung</a></li><li><a class="page" href="/hosting/ghpages">GitHub Pages</a></li><li><a class="page" href="/hosting/glpages">GitLab Pages</a></li><li><a class="page" href="/hosting/vercel">Vercel</a></li></ul></div></div></nav><a class="author" href="https://hyperbook.openpatch.org">Powered by &#x3C;b>Hyperbook&#x3C;/b></a></div><main><article>
<div class="hyperbook-markdown"><button id="toc-toggle" onclick="hyperbook.tocToggle()" title="Table of Contents"><div class="bar1"></div><div class="bar2"></div><div class="bar3"></div><div class="bar4"></div></button>
  <side-drawer id="toc-drawer" right>
    <div class="toc-drawer-content">
      <nav class="toc">
        <ul></ul>
      </nav>
    </div>
  </side-drawer>
  <figure data-rehype-pretty-code-figure="">
    <figcaption data-rehype-pretty-code-title="" data-language="python" data-theme="github-dark github-light">my.py</figcaption>
    <pre style="--shiki-dark:#e1e4e8;--shiki-light:#24292e;--shiki-dark-bg:#24292e;--shiki-light-bg:#fff" tabindex="0" data-language="python" data-theme="github-dark github-light"><code data-line-numbers="" data-language="python" data-theme="github-dark github-light" style="display: grid;" data-line-numbers-max-digits="1"><span data-line="" data-highlighted-line=""><span style="--shiki-dark:#F97583;--shiki-light:#D73A49">def</span><span style="--shiki-dark:#B392F0;--shiki-light:#6F42C1"> func</span><span style="--shiki-dark:#E1E4E8;--shiki-light:#24292E">():</span></span>
<span data-line=""><span style="--shiki-dark:#F97583;--shiki-light:#D73A49">  pass</span></span><button type="button" title="Copy code" aria-label="Copy code" data="def func():
  pass" class="rehype-pretty-copy" onclick="navigator.clipboard.writeText(this.attributes.data.value);this.classList.add('rehype-pretty-copied');window.setTimeout(() => this.classList.remove('rehype-pretty-copied'), 3000);"><span class="ready"></span><span class="success"></span></button><style>:root {--copy-icon: url("data:image/svg+xml,%3Csvg xmlns='http://www.w3.org/2000/svg' viewBox='0 0 48 48'%3E%3Cpath fill='%23adadad' d='M16.187 9.5H12.25a1.75 1.75 0 0 0-1.75 1.75v28.5c0 .967.784 1.75 1.75 1.75h23.5a1.75 1.75 0 0 0 1.75-1.75v-28.5a1.75 1.75 0 0 0-1.75-1.75h-3.937a4.25 4.25 0 0 1-4.063 3h-7.5a4.25 4.25 0 0 1-4.063-3M31.813 7h3.937A4.25 4.25 0 0 1 40 11.25v28.5A4.25 4.25 0 0 1 35.75 44h-23.5A4.25 4.25 0 0 1 8 39.75v-28.5A4.25 4.25 0 0 1 12.25 7h3.937a4.25 4.25 0 0 1 4.063-3h7.5a4.25 4.25 0 0 1 4.063 3M18.5 8.25c0 .966.784 1.75 1.75 1.75h7.5a1.75 1.75 0 1 0 0-3.5h-7.5a1.75 1.75 0 0 0-1.75 1.75'/%3E%3C/svg%3E");--success-icon: url("data:image/svg+xml,%3Csvg xmlns='http://www.w3.org/2000/svg' viewBox='0 0 24 24'%3E%3Cpath fill='%2366ff85' d='M9 16.17L5.53 12.7a.996.996 0 1 0-1.41 1.41l4.18 4.18c.39.39 1.02.39 1.41 0L20.29 7.71a.996.996 0 1 0-1.41-1.41z'/%3E%3C/svg%3E");}pre:has(code) {position: relative;}pre button.rehype-pretty-copy {right: 1px;padding: 0;width: 24px;height: 24px;display: flex;margin-top: 2px;margin-right: 8px;position: absolute;border-radius: 25%;backdrop-filter: blur(3px);& span {width: 100%;aspect-ratio: 1 / 1;}& .ready {background-image: var(--copy-icon);}& .success {display: none; background-image: var(--success-icon);}}&.rehype-pretty-copied {& .success {display: block;} & .ready {display: none;}}pre button.rehype-pretty-copy.rehype-pretty-copied {opacity: 1;& .ready { display: none; }& .success { display: block; }}</style></code></pre>
  </figure>
</div>
</article><div class="jump-container"><a class="jump previous" href="/configuration/library">Bibliothek Konfiguration</a><a class="jump next" href="/markdown/image">Bild</a></div><div class="meta"><a class="edit-github" href="https://github.com/openpatch/hyperbook/edit/main/website/de/book/markdown/index.md">‚úé GitHub</a><span class="copyright">¬© Copyright 2024 by <a href="https://openpatch.org">OpenPatch</a></span></div></main></div><script src="assets/client.js"></script></body></html>"
`;

exports[`process > should transform 1`] = `
"<!doctype html><html lang="es"><head><meta charset="UTF-8"><meta name="viewport" content="width=device-width, initial-scale=1"><title>Hi - My Hyperbook</title><meta property="og:title" content="Hi - My Hyperbook"><meta property="description" content="undefined"><meta property="og:description" content="undefined"><meta property="keywords"><link rel="stylesheet" href="/assets/normalize.css"><style>
html,
body {
  overflow-x: hidden;
  margin: 0;
}

body {
  -ms-overflow-style: none; /* IE and Edge */
  scrollbar-width: none; /* Firefox */
}

body::-webkit-scrollbar {
  display: none;
}

:root {
  --color-brand: #007864;
  --color-brand-dark: #b5e3d8;
  --color-brand-text: white;
}
:root {
  --color-background: white;
  --color-text: black;
  --color-text-deactivated: #242428;
  --color-nav: #f5f5f5;
  --color-nav-border: #3c3c3c;
  --color-author-background: #d6d6d6;
  --color-author-color: #3c3c3c;
  --color-spacer: #a4a4a4;
}

@media (prefers-color-scheme: dark) {
  :root {
    --color-background: #1e1e1e;
    --color-text: #f5f5f5;
    --color-text-deactivated: #d6d6d6;
    --color-nav: #222222;
    --color-nav-border: #464646;
    --color-author-background: #2c2c2c;
    --color-author-color: #d6d6d6;
    --color-spacer: #3c3c3c;
    --color-brand: var(--color-brand-dark);
  }

  header {
    background: var(--color-nav)!important;
  }

  .branding {
    color: var(--color-brand)!important;
  }

  .toggle .bar1,
  .toggle .bar2,
  .toggle .bar3 {
    background-color: var(--color-brand)!important;
  }
}

body {
  overscroll-behavior-x: none;
  background-color: transparent;
  color: var(--color-text);
  font-family: hyperbook-body;
  font-weight: normal;
  font-size: 16px;
  margin: 0;
  padding: 0;
}

</style><link rel="stylesheet" href="/assets/shell.css"><link rel="stylesheet" href="/assets/content.css"><link rel="stylesheet" href="/assets/code.css"><script>
HYPERBOOK_ASSETS = "/assets/"
</script><script type="module" src="/assets/side-drawer.js"></script><link rel="stylesheet" href="/assets/directive-youtube/style.css"><link rel="stylesheet" href="/assets/directive-tabs/style.css"></head><body><div class="main-grid"><header><div class="mobile-nav"><button aria-label="Nav Toggle" class="toggle" onclick="hyperbook.navToggle()"><div class="bar1"></div><div class="bar2"></div><div class="bar3"></div></button><side-drawer id="nav-drawer"><div class="nav-drawer-content"><nav><ul></ul></nav><a class="author" href="https://hyperbook.openpatch.org">Powered by <b>Hyperbook</b></a></div></side-drawer></div><a class="branding" href="/book/"><div class="name">My Hyperbook</div></a></header><div class="sidebar"><nav><ul></ul></nav><a class="author" href="https://hyperbook.openpatch.org">Powered by &#x3C;b>Hyperbook&#x3C;/b></a></div><main><article>
<div class="hyperbook-markdown"><button id="toc-toggle" onclick="hyperbook.tocToggle()" title="Table of Contents"><div class="bar1"></div><div class="bar2"></div><div class="bar3"></div><div class="bar4"></div></button>
  <side-drawer id="toc-drawer" right>
    <div class="toc-drawer-content">
      <nav class="toc">
        <ul></ul>
      </nav>
    </div>
  </side-drawer>
  <div class="directive-tabs">
    <div class="tabs" data-tabs-id="code"><button data-tab-id="java" data-tabs-id="code" class="tab active">Java</button><button data-tab-id="python" data-tabs-id="code" class="tab">Python</button></div>
    <div class="tabpanel active" data-tab-id="java" data-tabs-id="code">
      <p>Java</p>
    </div>
    <div class="tabpanel" data-tab-id="python" data-tabs-id="code">
      <p>Python</p>
    </div>
  </div>
  <p>Another tabs cluster with the same ids.</p>
  <div class="directive-tabs">
    <div class="tabs" data-tabs-id="code"><button data-tab-id="2990934dbcfd5acd0b539d89a9953b6d79d2f6aa2eef5c9033ee8b9f04795cf7" data-tabs-id="code" class="tab active">Java</button><button data-tab-id="python" data-tabs-id="code" class="tab">Python</button><button data-tab-id="c" data-tabs-id="code" class="tab">C</button><button data-tab-id="c" data-tabs-id="code" class="tab">YouTube</button></div>
    <div class="tabpanel active" data-tab-id="2990934dbcfd5acd0b539d89a9953b6d79d2f6aa2eef5c9033ee8b9f04795cf7" data-tabs-id="code">
      <p>Java</p>
    </div>
    <div class="tabpanel" data-tab-id="python" data-tabs-id="code">
      <p>Python</p>
    </div>
    <div class="tabpanel" data-tab-id="c" data-tabs-id="code">
      <p>C</p>
    </div>
    <div class="tabpanel" data-tab-id="c" data-tabs-id="code">
      <div class="directive-youtube" id="video-1234">
        <iframe class="player" src="https://www.youtube.com/embed/1234" frameborder="0" title="" allow="accelerometer; autoplay; clipboard-write; encrypted-media; gyroscope; picture-in-picture; fullscreen"></iframe>
      </div>
    </div>
  </div>
</div>
</article><div class="jump-container"></div><div class="meta"><span class="copyright">¬© Copyright 2024</span></div></main></div><script src="/assets/client.js"></script><script src="/assets/directive-tabs/client.js"></script></body></html>"
`;

exports[`process > should transfrom complex context 1`] = `
"<!doctype html><html lang="es"><head><meta charset="UTF-8"><meta name="viewport" content="width=device-width, initial-scale=1"><title>Markdown Referenz - Hyperbook Dokumenation</title><meta property="og:title" content="Markdown Referenz - Hyperbook Dokumenation"><meta property="description" content="Dokumentation f√ºr Hyperbook erstellt mit Hyperbook"><meta property="og:description" content="Dokumentation f√ºr Hyperbook erstellt mit Hyperbook"><meta property="keywords"><link rel="stylesheet" href="assets/normalize.css"><style>
html,
body {
  overflow-x: hidden;
  margin: 0;
}

body {
  -ms-overflow-style: none; /* IE and Edge */
  scrollbar-width: none; /* Firefox */
}

body::-webkit-scrollbar {
  display: none;
}

:root {
  --color-brand: #007864;
  --color-brand-dark: #b5e3d8;
  --color-brand-text: white;
}
:root {
  --color-background: white;
  --color-text: black;
  --color-text-deactivated: #242428;
  --color-nav: #f5f5f5;
  --color-nav-border: #3c3c3c;
  --color-author-background: #d6d6d6;
  --color-author-color: #3c3c3c;
  --color-spacer: #a4a4a4;
}

@media (prefers-color-scheme: dark) {
  :root {
    --color-background: #1e1e1e;
    --color-text: #f5f5f5;
    --color-text-deactivated: #d6d6d6;
    --color-nav: #222222;
    --color-nav-border: #464646;
    --color-author-background: #2c2c2c;
    --color-author-color: #d6d6d6;
    --color-spacer: #3c3c3c;
    --color-brand: var(--color-brand-dark);
  }

  header {
    background: var(--color-nav)!important;
  }

  .branding {
    color: var(--color-brand)!important;
  }

  .toggle .bar1,
  .toggle .bar2,
  .toggle .bar3 {
    background-color: var(--color-brand)!important;
  }
}

body {
  overscroll-behavior-x: none;
  background-color: transparent;
  color: var(--color-text);
  font-family: hyperbook-body;
  font-weight: normal;
  font-size: 16px;
  margin: 0;
  padding: 0;
}

</style><link rel="stylesheet" href="assets/shell.css"><link rel="stylesheet" href="assets/content.css"><link rel="stylesheet" href="assets/code.css"><script>
HYPERBOOK_ASSETS = "assets/"
</script><script type="module" src="assets/side-drawer.js"></script></head><body><div class="main-grid"><header><div class="mobile-nav"><button aria-label="Nav Toggle" class="toggle" onclick="hyperbook.navToggle()"><div class="bar1"></div><div class="bar2"></div><div class="bar3"></div></button><side-drawer id="nav-drawer"><div class="nav-drawer-content"><nav><ul><li><a class="page" href="/">Los Gehts</a></li></ul><div class="section"><div class="collapsible name empty "><span class="label">Konfiguration</span></div><div class="collapsible-content links"><ul class="pages"><li><a class="page" href="/configuration/book">Buch Konfiguration</a></li><li><a class="page" href="/configuration/page">Seiten Konfiguration</a></li><li><a class="page" href="/configuration/section">Bereich Konfiguration</a></li><li><a class="page" href="/configuration/library">Bibliothek Konfiguration</a></li></ul></div></div><div class="section"><div class="collapsible name empty active"><span class="label">Markdown Referenz</span></div><div class="collapsible-content links"><ul class="pages"><li><a class="page" href="/markdown/image">Bild</a></li><li><a class="page" href="/markdown/emphasis">Hervorhebung</a></li><li><a class="page" href="/markdown/hr">Horizontale Linie</a></li><li><a class="page" href="/markdown/comment">Kommentar</a></li><li><a class="page" href="/markdown/link">Link</a></li><li><a class="page" href="/markdown/list">Liste</a></li><li><a class="page" href="/markdown/code">Quelltext</a></li><li><a class="page" href="/markdown/table">Tabelle</a></li><li><a class="page" href="/markdown/line-break">Zeilenumbruch</a></li><li><a class="page" href="/markdown/quote">Zitat</a></li><li><a class="page" href="/markdown/header">√úberschriften</a></li></ul></div></div><div class="section"><div class="collapsible name empty "><span class="label">Elemente</span></div><div class="collapsible-content links"><ul class="pages"><li><a class="page" href="/elements/archive">Archiv</a></li><li><a class="page" href="/elements/audio">Audio</a></li><li><a class="page" href="/elements/bitflow">Bitflow</a></li><li><a class="page" href="/elements/download">Download</a></li><li><a class="page" href="/elements/embed">Embed</a></li><li><a class="page" href="/elements/emoji">Emoji</a></li><li><a class="page" href="/elements/excalidraw">Excalidraw</a></li><li><a class="page" href="/elements/protect">Gesch√ºtzer Bereich</a></li><li><a class="page" href="/elements/glossary">Glossar</a></li><li><a class="page" href="/elements/alert">Hinweise</a></li><li><a class="page" href="/elements/tiles">Kacheln</a></li><li><a class="page" href="/elements/collapsible">Klappkasten</a></li><li><a class="page" href="/elements/bookmarks">Lesezeichen</a></li><li><a class="page" href="/elements/math">Mathmathik</a></li><li><a class="page" href="/elements/mermaid">Mermaid</a></li><li><a class="page" href="/elements/online-ide">Online IDE</a></li><li><a class="page" href="/elements/plantuml">PlantUML</a></li><li><a class="page" href="/elements/qr">QR Code</a></li><li><a class="page" href="/elements/tabs">Reiter</a></li><li><a class="page" href="/elements/sql-ide">SQL IDE</a></li><li><a class="page" href="/elements/scratchblock">Scratchbl√∂cke</a></li><li><a class="page" href="/elements/slideshow">Slideshow</a></li><li><a class="page" href="/elements/snippets">Snippets</a></li><li><a class="page" href="/elements/struktog">Struktog</a></li><li><a class="page" href="/elements/video">Video</a></li><li><a class="page" href="/elements/youtube">YouTube</a></li></ul></div></div><div class="section"><div class="collapsible name empty "><span class="label">Fortgeschrittene Features</span></div><div class="collapsible-content links"><ul class="pages"><li><a class="page" href="/advanced/single-use-templates">Einweg Vorlagen</a></li><li><a class="page" href="/advanced/templates">Vorlagen</a></li></ul></div></div><div class="section"><div class="collapsible name empty "><span class="label">Hosting</span></div><div class="collapsible-content links"><ul class="pages"><li><a class="page" href="/hosting/edugitpages">EduGit Pages</a></li><li><a class="page" href="/hosting/custom">Eigene L√∂sung</a></li><li><a class="page" href="/hosting/ghpages">GitHub Pages</a></li><li><a class="page" href="/hosting/glpages">GitLab Pages</a></li><li><a class="page" href="/hosting/vercel">Vercel</a></li></ul></div></div></nav><a class="author" href="https://hyperbook.openpatch.org">Powered by <b>Hyperbook</b></a></div></side-drawer></div><a class="branding" href="/"><div class="name">Hyperbook Dokumenation</div></a><nav id="custom-links-menu"><ul class="links-menu"><li class="links-item sub"><a href="#"><div class="icon">üê¶</div><div class="label">Kontakt</div></a><ul class="links-sub-menu"><li class="links-item"><a href="mailto:contact@openpatch.org"><div class="label">Mail</div></a></li><li class="links-item"><a href="https://twitter.com/openpatchorg"><div class="icon">üê¶</div><div class="label">Twitter</div></a></li><li class="links-item"><a href="https://fosstodon.org/@openpatch"><div class="icon">üêò</div><div class="label">Mastodon</div></a></li><li class="links-item"><a href="https://matrix.to/#/#hyperbook:matrix.org"><div class="icon">üë®‚Äçüíª</div><div class="label">Matrix (Chat)</div></a></li></ul></li></ul></nav></header><div class="sidebar"><nav><ul><li><a class="page" href="/">Los Gehts</a></li></ul><div class="section"><div class="collapsible name empty "><span class="label">Konfiguration</span></div><div class="collapsible-content links"><ul class="pages"><li><a class="page" href="/configuration/book">Buch Konfiguration</a></li><li><a class="page" href="/configuration/page">Seiten Konfiguration</a></li><li><a class="page" href="/configuration/section">Bereich Konfiguration</a></li><li><a class="page" href="/configuration/library">Bibliothek Konfiguration</a></li></ul></div></div><div class="section"><div class="collapsible name empty active"><span class="label">Markdown Referenz</span></div><div class="collapsible-content links"><ul class="pages"><li><a class="page" href="/markdown/image">Bild</a></li><li><a class="page" href="/markdown/emphasis">Hervorhebung</a></li><li><a class="page" href="/markdown/hr">Horizontale Linie</a></li><li><a class="page" href="/markdown/comment">Kommentar</a></li><li><a class="page" href="/markdown/link">Link</a></li><li><a class="page" href="/markdown/list">Liste</a></li><li><a class="page" href="/markdown/code">Quelltext</a></li><li><a class="page" href="/markdown/table">Tabelle</a></li><li><a class="page" href="/markdown/line-break">Zeilenumbruch</a></li><li><a class="page" href="/markdown/quote">Zitat</a></li><li><a class="page" href="/markdown/header">√úberschriften</a></li></ul></div></div><div class="section"><div class="collapsible name empty "><span class="label">Elemente</span></div><div class="collapsible-content links"><ul class="pages"><li><a class="page" href="/elements/archive">Archiv</a></li><li><a class="page" href="/elements/audio">Audio</a></li><li><a class="page" href="/elements/bitflow">Bitflow</a></li><li><a class="page" href="/elements/download">Download</a></li><li><a class="page" href="/elements/embed">Embed</a></li><li><a class="page" href="/elements/emoji">Emoji</a></li><li><a class="page" href="/elements/excalidraw">Excalidraw</a></li><li><a class="page" href="/elements/protect">Gesch√ºtzer Bereich</a></li><li><a class="page" href="/elements/glossary">Glossar</a></li><li><a class="page" href="/elements/alert">Hinweise</a></li><li><a class="page" href="/elements/tiles">Kacheln</a></li><li><a class="page" href="/elements/collapsible">Klappkasten</a></li><li><a class="page" href="/elements/bookmarks">Lesezeichen</a></li><li><a class="page" href="/elements/math">Mathmathik</a></li><li><a class="page" href="/elements/mermaid">Mermaid</a></li><li><a class="page" href="/elements/online-ide">Online IDE</a></li><li><a class="page" href="/elements/plantuml">PlantUML</a></li><li><a class="page" href="/elements/qr">QR Code</a></li><li><a class="page" href="/elements/tabs">Reiter</a></li><li><a class="page" href="/elements/sql-ide">SQL IDE</a></li><li><a class="page" href="/elements/scratchblock">Scratchbl√∂cke</a></li><li><a class="page" href="/elements/slideshow">Slideshow</a></li><li><a class="page" href="/elements/snippets">Snippets</a></li><li><a class="page" href="/elements/struktog">Struktog</a></li><li><a class="page" href="/elements/video">Video</a></li><li><a class="page" href="/elements/youtube">YouTube</a></li></ul></div></div><div class="section"><div class="collapsible name empty "><span class="label">Fortgeschrittene Features</span></div><div class="collapsible-content links"><ul class="pages"><li><a class="page" href="/advanced/single-use-templates">Einweg Vorlagen</a></li><li><a class="page" href="/advanced/templates">Vorlagen</a></li></ul></div></div><div class="section"><div class="collapsible name empty "><span class="label">Hosting</span></div><div class="collapsible-content links"><ul class="pages"><li><a class="page" href="/hosting/edugitpages">EduGit Pages</a></li><li><a class="page" href="/hosting/custom">Eigene L√∂sung</a></li><li><a class="page" href="/hosting/ghpages">GitHub Pages</a></li><li><a class="page" href="/hosting/glpages">GitLab Pages</a></li><li><a class="page" href="/hosting/vercel">Vercel</a></li></ul></div></div></nav><a class="author" href="https://hyperbook.openpatch.org">Powered by &#x3C;b>Hyperbook&#x3C;/b></a></div><main><article>
<div class="hyperbook-markdown"><button id="toc-toggle" onclick="hyperbook.tocToggle()" title="Table of Contents"><div class="bar1"></div><div class="bar2"></div><div class="bar3"></div><div class="bar4"></div></button>
  <side-drawer id="toc-drawer" right>
    <div class="toc-drawer-content">
      <nav class="toc">
        <ul></ul>
      </nav>
    </div>
  </side-drawer>
</div>
</article><div class="jump-container"><a class="jump previous" href="/configuration/library">Bibliothek Konfiguration</a><a class="jump next" href="/markdown/image">Bild</a></div><div class="meta"><a class="edit-github" href="https://github.com/openpatch/hyperbook/edit/main/website/de/book/markdown/index.md">‚úé GitHub</a><span class="copyright">¬© Copyright 2024 by <a href="https://openpatch.org">OpenPatch</a></span></div></main></div><script src="assets/client.js"></script></body></html>"
`;
