// Vitest Snapshot v1, https://vitest.dev/guide/snapshot.html

exports[`remarkDirectiveEmbed > should transform 1`] = `
"
<div class="directive-p5">
  <iframe srcdoc="<!DOCTYPE html>
<meta charset=&#x22;utf8&#x22; />
<base href=&#x22;/public&#x22; />
<style type='text/css'>
html, body {
  margin: 0;
  padding: 0;
}
canvas {
  display: block;
}
</style>
<script type=&#x22;text/javascript&#x22; src=&#x22;/assets/directive-p5/p5.min.js&#x22;></script>
<script type=&#x22;text/javascript&#x22; src=&#x22;/assets/directive-p5/p5.sound.min.js&#x22;></script>
<body>Hallo</body>
<script id=&#x22;code&#x22; type=&#x22;text/javascript&#x22;>function setup() {
  createCanvas(720, 200);
  background(0);
}
function draw() {
  circle(mouseX, mouseY, 50);
}
</script>

" loading="eager" sandbox="allow-scripts allow-popups allow-modals allow-forms allow-same-origin" aria-label="Code Preview" title="Code Preview"></iframe>
</div>
"
`;
