// Vitest Snapshot v1, https://vitest.dev/guide/snapshot.html

exports[`remarkDirectiveCollapsible > should transform 1`] = `
"
<div class="directive-collapsible" data-id="48a91852d8b55f194376022d3c14c87e99166e435eaab279a0c2d92523d39aec"><button class="collapsible">Hallo</button>
  <div class="collapsible-content">
    <p>This is a panel</p>
    <div class="directive-audio">
      <div class="player">
        <div class="thumbnail" style="background-image: url(&#x22;/public/group-people.png&#x22;)"></div><button class="play" onclick="hyperbook.audio.togglePlayPause(&#x22;f877d1f0ff50bf344794f9bd20e8df025b5189c193d15f71e173a67e3fd0bb78&#x22;)" title="Play/Pause"></button>
        <div class="wave" id="f877d1f0ff50bf344794f9bd20e8df025b5189c193d15f71e173a67e3fd0bb78" data-src="/Free_Test_Data_1MB_MP3.mp3"></div>
      </div>
      <div class="information"><span class="title">Hallo</span><span class="spacer"> - </span><span class="author">Max Mustermann</span><span class="duration"></span></div>
    </div>
    <div class="directive-collapsible" data-id="13caa90143e8b1bb873970593700aa49da40b6c2c3ecf175995eba4b14ff9ee7"><button class="collapsible">Nested</button>
      <div class="collapsible-content">
        <p>This is a stacked collapsible</p>
        <div class="directive-youtube" id="video-124">
          <iframe class="player" src="https://www.youtube-nocookie.com/embed/124" frameborder="0" title="" allow="accelerometer; autoplay; clipboard-write; encrypted-media; gyroscope; picture-in-picture; fullscreen"></iframe>
        </div>
      </div>
    </div>
    <p>This is normal Test in-between.</p>
    <div class="directive-collapsible" data-id="72cbff5fe173a436e74f4f647e4e9fd213f689c49cb2c5983e7ca26d0d35c74c"><button class="collapsible">With an Image</button>
      <div class="collapsible-content">
        <p>
          <figure src="/public/public/test.jpg" alt="" class="normal">
            <img src="/public/public/test.jpg" alt="" onclick="hyperbook.toggleLightbox(this)">
          </figure>
        </p>
      </div>
    </div>
  </div>
</div>
"
`;
