// Vitest Snapshot v1, https://vitest.dev/guide/snapshot.html

exports[`remarkDirectiveEmbed > should transform 1`] = `
"
<div class="directive-embed" style="aspectRatio: undefined; height: 400px; width: 100%">
  <iframe src="https://learningapps.org/watch?app=15767435" allowfullscreen></iframe>
</div>
"
`;
