// Vitest Snapshot v1, https://vitest.dev/guide/snapshot.html

exports[`remarkTableOfContents > should generate toc 1`] = `[Function]`;
