// Vitest Snapshot v1, https://vitest.dev/guide/snapshot.html

exports[`remarkDirectiveYoutube > should transform 1`] = `
"<div class="hyperbook-markdown"><button class="toc-toggle" onclick="" title="Table of Contents"><div class="bar1"></div><div class="bar2"></div><div class="bar3"></div><div class="bar4"></div></button><side-drawer id="toc-drawer" right><nav class="toc"><ul></ul></nav></side-drawer><div class="directive-tabs"><div class="tabs" data-tabs-id="code"><button data-tab-id="java" data-tabs-id="code" class="tab active">Java</button><button data-tab-id="python" data-tabs-id="code" class="tab">Python</button></div><div class="tabpanel active" data-tab-id="java" data-tabs-id="code"><p>Java</p></div><div class="tabpanel" data-tab-id="python" data-tabs-id="code"><p>Python</p></div></div>
<p>Another tabs cluster with the same ids.</p>
<div class="directive-tabs"><div class="tabs" data-tabs-id="code"><button data-tab-id="Java" data-tabs-id="code" class="tab active">Java</button><button data-tab-id="python" data-tabs-id="code" class="tab">Python</button><button data-tab-id="c" data-tabs-id="code" class="tab">C</button><button data-tab-id="c" data-tabs-id="code" class="tab">YouTube</button></div><div class="tabpanel active" data-tab-id="089202b17959ab34862e7a4d5fa681c254650be8" data-tabs-id="code"><p>Java</p></div><div class="tabpanel" data-tab-id="python" data-tabs-id="code"><p>Python</p></div><div class="tabpanel" data-tab-id="c" data-tabs-id="code"><p>C</p></div><div class="tabpanel" data-tab-id="c" data-tabs-id="code"><div class="directive-youtube" id="video-1234"><iframe class="player" src="https://www.youtube.com/embed/1234" frameborder="0" title="" allow="accelerometer; autoplay; clipboard-write; encrypted-media; gyroscope; picture-in-picture; fullscreen"></iframe></div></div></div></div>"
`;
