// Vitest Snapshot v1, https://vitest.dev/guide/snapshot.html

exports[`hyperbook > should get navigation 1`] = `
{
  "current": {
    "href": "/paradigms",
    "name": "Paradigms",
    "repo": "https://github.com/openpatch/hyperbook/edit/main/website/en/book/paradigms.md",
  },
  "next": {
    "href": "/hyperbook-test",
    "name": "hyperbook-test",
    "repo": "https://github.com/openpatch/hyperbook/edit/main/website/en/book/hyperbook-test.md",
  },
  "previous": {
    "href": "/",
    "name": "Home",
    "repo": "https://github.com/openpatch/hyperbook/edit/main/website/en/book/index.md",
  },
}
`;
